// Jest Snapshot v1, https://goo.gl/fbAQLP

exports[`Badge should match the snapshot 1`] = `
<DocumentFragment>
  <div
    data-testid="badge"
  >
    <span>
      2016
    </span>
  </div>
</DocumentFragment>
`;
